------------------------------------------------------------
Timing Analyzer Summary
------------------------------------------------------------

Type  : Slow 1100mV 85C Model Setup 'clk'
Slack : -9.137
TNS   : -758.673

Type  : Slow 1100mV 85C Model Hold 'clk'
Slack : 0.328
TNS   : 0.000

Type  : Slow 1100mV 85C Model Minimum Pulse Width 'clk'
Slack : -2.174
TNS   : -492.380

Type  : Slow 1100mV 0C Model Setup 'clk'
Slack : -9.348
TNS   : -751.227

Type  : Slow 1100mV 0C Model Hold 'clk'
Slack : 0.306
TNS   : 0.000

Type  : Slow 1100mV 0C Model Minimum Pulse Width 'clk'
Slack : -2.174
TNS   : -473.067

Type  : Fast 1100mV 85C Model Setup 'clk'
Slack : -4.822
TNS   : -328.256

Type  : Fast 1100mV 85C Model Hold 'clk'
Slack : 0.187
TNS   : 0.000

Type  : Fast 1100mV 85C Model Minimum Pulse Width 'clk'
Slack : -2.174
TNS   : -427.346

Type  : Fast 1100mV 0C Model Setup 'clk'
Slack : -4.552
TNS   : -287.782

Type  : Fast 1100mV 0C Model Hold 'clk'
Slack : 0.143
TNS   : 0.000

Type  : Fast 1100mV 0C Model Minimum Pulse Width 'clk'
Slack : -2.174
TNS   : -458.731

------------------------------------------------------------
