------------------------------------------------------------
Timing Analyzer Summary
------------------------------------------------------------

Type  : Slow 1100mV 85C Model Setup 'clk'
Slack : -9.131
TNS   : -821.386

Type  : Slow 1100mV 85C Model Hold 'clk'
Slack : 0.283
TNS   : 0.000

Type  : Slow 1100mV 85C Model Minimum Pulse Width 'clk'
Slack : -2.174
TNS   : -674.191

Type  : Slow 1100mV 0C Model Setup 'clk'
Slack : -9.308
TNS   : -806.444

Type  : Slow 1100mV 0C Model Hold 'clk'
Slack : 0.264
TNS   : 0.000

Type  : Slow 1100mV 0C Model Minimum Pulse Width 'clk'
Slack : -2.174
TNS   : -652.245

Type  : Fast 1100mV 85C Model Setup 'clk'
Slack : -4.832
TNS   : -344.130

Type  : Fast 1100mV 85C Model Hold 'clk'
Slack : 0.162
TNS   : 0.000

Type  : Fast 1100mV 85C Model Minimum Pulse Width 'clk'
Slack : -2.174
TNS   : -598.660

Type  : Fast 1100mV 0C Model Setup 'clk'
Slack : -4.533
TNS   : -296.840

Type  : Fast 1100mV 0C Model Hold 'clk'
Slack : 0.119
TNS   : 0.000

Type  : Fast 1100mV 0C Model Minimum Pulse Width 'clk'
Slack : -2.174
TNS   : -637.459

------------------------------------------------------------
